2026-02-16 20:40:52-root-DEBUG-This is a debug message
2026-02-16 20:40:52-root-INFO-This is an info message
2026-02-16 20:40:52-root-WARNING-This is a warning message
2026-02-16 20:40:52-root-ERROR-This is an error message
2026-02-16 20:40:52-root-CRITICAL-This is a critical message
2026-02-16 20:40:55-root-DEBUG-This is a debug message
2026-02-16 20:40:55-root-INFO-This is an info message
2026-02-16 20:40:55-root-WARNING-This is a warning message
2026-02-16 20:40:55-root-ERROR-This is an error message
2026-02-16 20:40:55-root-CRITICAL-This is a critical message
2026-02-16 20:41:00-root-DEBUG-This is a debug message
2026-02-16 20:41:00-root-INFO-This is an info message
2026-02-16 20:41:00-root-WARNING-This is a warning message
2026-02-16 20:41:00-root-ERROR-This is an error message
2026-02-16 20:41:00-root-CRITICAL-This is a critical message
2026-02-16 20:41:08-root-DEBUG-This is a debug message
2026-02-16 20:41:08-root-INFO-This is an info message
2026-02-16 20:41:08-root-WARNING-This is a warning message
2026-02-16 20:41:08-root-ERROR-This is an error message
2026-02-16 20:41:08-root-CRITICAL-This is a critical message
